git config --global user.name "Roy Toledano"
git config --global user.email roy.toled@gmail.com

git config --list
diff.astextplain.textconv=astextplain
filter.lfs.clean=git-lfs clean -- %f
filter.lfs.smudge=git-lfs smudge -- %f
filter.lfs.process=git-lfs filter-process
filter.lfs.required=true
http.sslbackend=openssl
http.sslcainfo=C:/Program Files/Git/mingw64/ssl/certs/ca-bundle.crt
core.autocrlf=true
core.fscache=true
core.symlinks=false
pull.rebase=false
credential.helper=manager-core
credential.https://dev.azure.com.usehttppath=true
init.defaultbranch=master
user.name=Roy Toledano
user.email=roy.toled@gmail.com

4.
$ git init
Initialized empty Git repository in F:/Google Drive/Studies/ITC/Data Science Program/Excercises/Git/Ex1/.git/

$ ls -la
total 4
drwxr-xr-x 1 timi-saloon 197121 0 Jan 30 20:15  ./
drwxr-xr-x 1 timi-saloon 197121 0 Jan 30 19:53  ../
drwxr-xr-x 1 timi-saloon 197121 0 Jan 30 20:15  .git/
-rw-r--r-- 1 timi-saloon 197121 0 Jan 30 19:54 'Ex1 Answers.txt'

5.
$ nano hellow_world.txt

$ git status
On branch master

No commits yet

Untracked files:
  (use "git add <file>..." to include in what will be committed)
        Ex1 Answers.txt
        hellow_world.txt

nothing added to commit but untracked files present (use "git add" to track)

$ git add hellow_world.txt
$ git status
! - staging - simply prepare the file for commiting.
! - commit - saves "screenshot" of the current state of the file.

$ git reset hellow_world.txt

$ git status
On branch master

No commits yet

Untracked files:
  (use "git add <file>..." to include in what will be committed)
        Ex1 Answers.txt
        hellow_world.txt

nothing added to commit but untracked files present (use "git add" to track)

$ nano cake.txt
$ git add .
$ git status
On branch master

No commits yet

Changes to be committed:
  (use "git rm --cached <file>..." to unstage)
        new file:   Ex1 Answers.txt
        new file:   cake.txt
        new file:   hellow_world.txt
